 
****************************************
Report : area
Design : async_fifo_top
Version: V-2023.12-SP5-1
Date   : Thu Sep 24 18:05:40 2026
****************************************

Library(s) Used:

    gscl45nm (File: /usr/local2/cadence/NCSU/SRC/FreePDK45/osu_soc/lib/files/gscl45nm.db)

Number of ports:                           25
Number of nets:                          1331
Number of cells:                         1313
Number of combinational cells:           1079
Number of sequential cells:               184
Number of macros/black boxes:               0
Number of buf/inv:                        581
Number of references:                      15

Combinational area:               2437.074845
Buf/Inv area:                      996.323875
Noncombinational area:            1580.602386
Macro/Black Box area:                0.000000
Net Interconnect area:      undefined  (No wire load specified)

Total cell area:                  4017.677231
Total area:                 undefined
1
